2026-01-09 13:30:27,864 - api - DEBUG - serialized type: <class 'list'>
2026-01-09 13:30:27,865 - api - DEBUG - serialized sample: [{'District Type': 'Mixed', 'Acres': 245565.25401113665, 'hex_color': '#1f77b4b4'}, {'District Type': 'Nonresidential', 'Acres': 34701.94946854303, 'hex_color': '#d62728b4'}]
2026-01-09 13:30:28,128 - api - DEBUG - serialized type: <class 'list'>
2026-01-09 13:30:28,128 - api - DEBUG - serialized sample: [{'District Type': 'Mixed', 'Acres': 98119.68868421068, 'hex_color': '#1f77b4b4'}, {'District Type': 'Nonresidential', 'Acres': 75362.31783499681, 'hex_color': '#d62728b4'}]
2026-01-09 13:30:30,375 - api - DEBUG - serialized type: <class 'list'>
2026-01-09 13:30:30,375 - api - DEBUG - serialized sample: [{'District Type': 'Mixed', 'Acres': 245565.25401113665, 'hex_color': '#1f77b4b4'}, {'District Type': 'Nonresidential', 'Acres': 34701.94946854303, 'hex_color': '#d62728b4'}]
2026-01-09 13:30:30,678 - api - DEBUG - serialized type: <class 'list'>
2026-01-09 13:30:30,678 - api - DEBUG - serialized sample: [{'District Type': 'Mixed', 'Acres': 98119.68868421068, 'hex_color': '#1f77b4b4'}, {'District Type': 'Nonresidential', 'Acres': 75362.31783499681, 'hex_color': '#d62728b4'}]
2026-01-09 13:32:48,175 - api - DEBUG - serialized type: <class 'list'>
2026-01-09 13:32:48,175 - api - DEBUG - serialized sample: [{'District Type': 'Mixed', 'Acres': 2351240.2547729784, 'hex_color': '#1f77b4b4'}, {'District Type': 'Nonresidential', 'Acres': 541112.3825829916, 'hex_color': '#d62728b4'}]
2026-01-09 13:32:52,750 - api - DEBUG - serialized type: <class 'list'>
2026-01-09 13:32:52,750 - api - DEBUG - serialized sample: [{'District Type': 'Mixed', 'Acres': 98119.68868421068, 'hex_color': '#1f77b4b4'}, {'District Type': 'Nonresidential', 'Acres': 75362.31783499681, 'hex_color': '#d62728b4'}]
2026-01-09 13:32:53,748 - api - DEBUG - serialized type: <class 'list'>
2026-01-09 13:32:53,748 - api - DEBUG - serialized sample: [{'District Type': 'Mixed', 'Acres': 245565.25401113665, 'hex_color': '#1f77b4b4'}, {'District Type': 'Nonresidential', 'Acres': 34701.94946854303, 'hex_color': '#d62728b4'}]
2026-01-09 13:32:53,914 - api - DEBUG - serialized type: <class 'list'>
2026-01-09 13:32:53,914 - api - DEBUG - serialized sample: [{'District Type': 'Mixed', 'Acres': 98119.68868421068, 'hex_color': '#1f77b4b4'}, {'District Type': 'Nonresidential', 'Acres': 75362.31783499681, 'hex_color': '#d62728b4'}]
2026-01-09 13:32:54,811 - api - DEBUG - serialized type: <class 'list'>
2026-01-09 13:32:54,811 - api - DEBUG - serialized sample: [{'District Type': 'Mixed', 'Acres': 245565.25401113665, 'hex_color': '#1f77b4b4'}, {'District Type': 'Nonresidential', 'Acres': 34701.94946854303, 'hex_color': '#d62728b4'}]
2026-01-09 13:32:55,063 - api - DEBUG - serialized type: <class 'list'>
2026-01-09 13:32:55,064 - api - DEBUG - serialized sample: [{'District Type': 'Mixed', 'Acres': 98119.68868421068, 'hex_color': '#1f77b4b4'}, {'District Type': 'Nonresidential', 'Acres': 75362.31783499681, 'hex_color': '#d62728b4'}]
2026-01-09 13:32:56,097 - api - DEBUG - serialized type: <class 'list'>
2026-01-09 13:32:56,097 - api - DEBUG - serialized sample: [{'District Type': 'Mixed', 'Acres': 245565.25401113665, 'hex_color': '#1f77b4b4'}, {'District Type': 'Nonresidential', 'Acres': 34701.94946854303, 'hex_color': '#d62728b4'}]
2026-01-09 13:32:56,369 - api - DEBUG - serialized type: <class 'list'>
2026-01-09 13:32:56,369 - api - DEBUG - serialized sample: [{'District Type': 'Mixed', 'Acres': 98119.68868421068, 'hex_color': '#1f77b4b4'}, {'District Type': 'Nonresidential', 'Acres': 75362.31783499681, 'hex_color': '#d62728b4'}]
2026-01-09 13:36:24,461 - api - DEBUG - serialized type: <class 'list'>
2026-01-09 13:36:24,461 - api - DEBUG - serialized sample: [{'District Type': 'Mixed', 'Acres': 245565.25401113665, 'hex_color': '#1f77b4b4'}, {'District Type': 'Nonresidential', 'Acres': 34701.94946854303, 'hex_color': '#d62728b4'}]
2026-01-09 13:36:24,495 - api - DEBUG - serialized type: <class 'list'>
2026-01-09 13:36:24,495 - api - DEBUG - serialized sample: [{'District Type': 'Mixed', 'Acres': 98119.68868421068, 'hex_color': '#1f77b4b4'}, {'District Type': 'Nonresidential', 'Acres': 75362.31783499681, 'hex_color': '#d62728b4'}]
2026-01-09 13:36:25,882 - api - DEBUG - serialized type: <class 'list'>
2026-01-09 13:36:25,882 - api - DEBUG - serialized sample: [{'District Type': 'Mixed', 'Acres': 245565.25401113665, 'hex_color': '#1f77b4b4'}, {'District Type': 'Nonresidential', 'Acres': 34701.94946854303, 'hex_color': '#d62728b4'}]
2026-01-09 13:36:25,916 - api - DEBUG - serialized type: <class 'list'>
2026-01-09 13:36:25,916 - api - DEBUG - serialized sample: [{'District Type': 'Mixed', 'Acres': 98119.68868421068, 'hex_color': '#1f77b4b4'}, {'District Type': 'Nonresidential', 'Acres': 75362.31783499681, 'hex_color': '#d62728b4'}]
2026-01-09 13:52:50,390 - api - DEBUG - serialized type: <class 'list'>
2026-01-09 13:52:50,390 - api - DEBUG - serialized sample: [{'District Type': 'Mixed', 'Acres': 245565.25401113665, 'hex_color': '#1f77b4b4'}, {'District Type': 'Nonresidential', 'Acres': 34701.94946854303, 'hex_color': '#d62728b4'}]
2026-01-09 13:52:50,424 - api - DEBUG - serialized type: <class 'list'>
2026-01-09 13:52:50,424 - api - DEBUG - serialized sample: [{'District Type': 'Mixed', 'Acres': 98119.68868421068, 'hex_color': '#1f77b4b4'}, {'District Type': 'Nonresidential', 'Acres': 75362.31783499681, 'hex_color': '#d62728b4'}]
2026-01-09 13:52:52,353 - api - DEBUG - serialized type: <class 'list'>
2026-01-09 13:52:52,353 - api - DEBUG - serialized sample: [{'District Type': 'Mixed', 'Acres': 245565.25401113665, 'hex_color': '#1f77b4b4'}, {'District Type': 'Nonresidential', 'Acres': 34701.94946854303, 'hex_color': '#d62728b4'}]
2026-01-09 13:52:52,388 - api - DEBUG - serialized type: <class 'list'>
2026-01-09 13:52:52,388 - api - DEBUG - serialized sample: [{'District Type': 'Mixed', 'Acres': 98119.68868421068, 'hex_color': '#1f77b4b4'}, {'District Type': 'Nonresidential', 'Acres': 75362.31783499681, 'hex_color': '#d62728b4'}]
2026-01-09 14:09:39,158 - api - DEBUG - serialized type: <class 'list'>
2026-01-09 14:09:39,158 - api - DEBUG - serialized sample: [{'District Type': 'Mixed', 'Acres': 245565.25401113665, 'hex_color': '#1f77b4b4'}, {'District Type': 'Nonresidential', 'Acres': 34701.94946854303, 'hex_color': '#d62728b4'}]
2026-01-09 14:09:39,192 - api - DEBUG - serialized type: <class 'list'>
2026-01-09 14:09:39,192 - api - DEBUG - serialized sample: [{'District Type': 'Mixed', 'Acres': 98119.68868421068, 'hex_color': '#1f77b4b4'}, {'District Type': 'Nonresidential', 'Acres': 75362.31783499681, 'hex_color': '#d62728b4'}]
2026-01-09 14:09:39,468 - api - DEBUG - serialized type: <class 'list'>
2026-01-09 14:09:39,468 - api - DEBUG - serialized sample: [{'District Type': 'Mixed', 'Acres': 98119.68868421068, 'hex_color': '#1f77b4b4'}, {'District Type': 'Nonresidential', 'Acres': 75362.31783499681, 'hex_color': '#d62728b4'}]
2026-01-09 14:09:39,544 - api - DEBUG - serialized type: <class 'list'>
2026-01-09 14:09:39,544 - api - DEBUG - serialized sample: [{'District Type': 'Mixed', 'Acres': 245565.25401113665, 'hex_color': '#1f77b4b4'}, {'District Type': 'Nonresidential', 'Acres': 34701.94946854303, 'hex_color': '#d62728b4'}]
2026-01-09 14:14:00,889 - api - DEBUG - serialized type: <class 'list'>
2026-01-09 14:14:00,889 - api - DEBUG - serialized sample: [{'District Type': 'Mixed', 'Acres': 245565.25401113665, 'hex_color': '#1f77b4b4'}, {'District Type': 'Nonresidential', 'Acres': 34701.94946854303, 'hex_color': '#d62728b4'}]
2026-01-09 14:14:00,933 - api - DEBUG - serialized type: <class 'list'>
2026-01-09 14:14:00,933 - api - DEBUG - serialized sample: [{'District Type': 'Mixed', 'Acres': 98119.68868421068, 'hex_color': '#1f77b4b4'}, {'District Type': 'Nonresidential', 'Acres': 75362.31783499681, 'hex_color': '#d62728b4'}]
2026-01-09 14:14:01,246 - api - DEBUG - serialized type: <class 'list'>
2026-01-09 14:14:01,246 - api - DEBUG - serialized sample: [{'District Type': 'Mixed', 'Acres': 245565.25401113665, 'hex_color': '#1f77b4b4'}, {'District Type': 'Nonresidential', 'Acres': 34701.94946854303, 'hex_color': '#d62728b4'}]
2026-01-09 14:14:01,283 - api - DEBUG - serialized type: <class 'list'>
2026-01-09 14:14:01,283 - api - DEBUG - serialized sample: [{'District Type': 'Mixed', 'Acres': 98119.68868421068, 'hex_color': '#1f77b4b4'}, {'District Type': 'Nonresidential', 'Acres': 75362.31783499681, 'hex_color': '#d62728b4'}]
2026-01-09 14:14:15,537 - api - DEBUG - serialized type: <class 'list'>
2026-01-09 14:14:15,538 - api - DEBUG - serialized sample: [{'District Type': 'Mixed', 'Acres': 2351240.2547729784, 'hex_color': '#1f77b4b4'}, {'District Type': 'Nonresidential', 'Acres': 541112.3825829916, 'hex_color': '#d62728b4'}]
2026-01-09 14:14:16,012 - api - DEBUG - serialized type: <class 'list'>
2026-01-09 14:14:16,012 - api - DEBUG - serialized sample: [{'District Type': 'Mixed', 'Acres': 98119.68868421068, 'hex_color': '#1f77b4b4'}, {'District Type': 'Nonresidential', 'Acres': 75362.31783499681, 'hex_color': '#d62728b4'}]
2026-01-09 14:14:16,260 - api - DEBUG - serialized type: <class 'list'>
2026-01-09 14:14:16,260 - api - DEBUG - serialized sample: [{'District Type': 'Mixed', 'Acres': 245565.25401113665, 'hex_color': '#1f77b4b4'}, {'District Type': 'Nonresidential', 'Acres': 34701.94946854303, 'hex_color': '#d62728b4'}]
2026-01-09 14:14:16,297 - api - DEBUG - serialized type: <class 'list'>
2026-01-09 14:14:16,298 - api - DEBUG - serialized sample: [{'District Type': 'Mixed', 'Acres': 98119.68868421068, 'hex_color': '#1f77b4b4'}, {'District Type': 'Nonresidential', 'Acres': 75362.31783499681, 'hex_color': '#d62728b4'}]
2026-01-09 14:14:19,032 - api - DEBUG - serialized type: <class 'list'>
2026-01-09 14:14:19,032 - api - DEBUG - serialized sample: [{'District Type': 'Mixed', 'Acres': 245565.25401113665, 'hex_color': '#1f77b4b4'}, {'District Type': 'Nonresidential', 'Acres': 34701.94946854303, 'hex_color': '#d62728b4'}]
2026-01-09 14:14:19,075 - api - DEBUG - serialized type: <class 'list'>
2026-01-09 14:14:19,075 - api - DEBUG - serialized sample: [{'District Type': 'Mixed', 'Acres': 98119.68868421068, 'hex_color': '#1f77b4b4'}, {'District Type': 'Nonresidential', 'Acres': 75362.31783499681, 'hex_color': '#d62728b4'}]
2026-01-09 14:14:19,256 - api - DEBUG - serialized type: <class 'list'>
2026-01-09 14:14:19,256 - api - DEBUG - serialized sample: [{'District Type': 'Mixed', 'Acres': 245565.25401113665, 'hex_color': '#1f77b4b4'}, {'District Type': 'Nonresidential', 'Acres': 34701.94946854303, 'hex_color': '#d62728b4'}]
2026-01-09 14:14:19,293 - api - DEBUG - serialized type: <class 'list'>
2026-01-09 14:14:19,293 - api - DEBUG - serialized sample: [{'District Type': 'Mixed', 'Acres': 98119.68868421068, 'hex_color': '#1f77b4b4'}, {'District Type': 'Nonresidential', 'Acres': 75362.31783499681, 'hex_color': '#d62728b4'}]
2026-01-09 14:21:31,378 - api - DEBUG - serialized type: <class 'list'>
2026-01-09 14:21:31,378 - api - DEBUG - serialized sample: [{'District Type': 'Mixed', 'Acres': 245565.25401113665, 'hex_color': '#1f77b4b4'}, {'District Type': 'Nonresidential', 'Acres': 34701.94946854303, 'hex_color': '#d62728b4'}]
2026-01-09 14:21:31,417 - api - DEBUG - serialized type: <class 'list'>
2026-01-09 14:21:31,418 - api - DEBUG - serialized sample: [{'District Type': 'Mixed', 'Acres': 98119.68868421068, 'hex_color': '#1f77b4b4'}, {'District Type': 'Nonresidential', 'Acres': 75362.31783499681, 'hex_color': '#d62728b4'}]
2026-01-09 14:21:31,536 - api - DEBUG - serialized type: <class 'list'>
2026-01-09 14:21:31,537 - api - DEBUG - serialized sample: [{'District Type': 'Mixed', 'Acres': 98119.68868421068, 'hex_color': '#1f77b4b4'}, {'District Type': 'Nonresidential', 'Acres': 75362.31783499681, 'hex_color': '#d62728b4'}]
2026-01-09 14:21:31,917 - api - DEBUG - serialized type: <class 'list'>
2026-01-09 14:21:31,917 - api - DEBUG - serialized sample: [{'District Type': 'Mixed', 'Acres': 245565.25401113665, 'hex_color': '#1f77b4b4'}, {'District Type': 'Nonresidential', 'Acres': 34701.94946854303, 'hex_color': '#d62728b4'}]
2026-01-09 14:21:50,075 - api - DEBUG - serialized type: <class 'list'>
2026-01-09 14:21:50,075 - api - DEBUG - serialized sample: [{'District Type': 'Mixed', 'Acres': 2351240.2547729784, 'hex_color': '#1f77b4b4'}, {'District Type': 'Nonresidential', 'Acres': 541112.3825829916, 'hex_color': '#d62728b4'}]
2026-01-09 14:21:50,525 - api - DEBUG - serialized type: <class 'list'>
2026-01-09 14:21:50,526 - api - DEBUG - serialized sample: [{'District Type': 'Mixed', 'Acres': 98119.68868421068, 'hex_color': '#1f77b4b4'}, {'District Type': 'Nonresidential', 'Acres': 75362.31783499681, 'hex_color': '#d62728b4'}]
2026-01-09 14:22:39,475 - api - DEBUG - serialized type: <class 'list'>
2026-01-09 14:22:39,476 - api - DEBUG - serialized sample: [{'District Type': 'Mixed', 'Acres': 180888.5482404762, 'hex_color': '#1f77b4b4'}, {'District Type': 'Nonresidential', 'Acres': 129183.69742775086, 'hex_color': '#d62728b4'}]
2026-01-09 14:22:39,528 - api - DEBUG - serialized type: <class 'list'>
2026-01-09 14:22:39,528 - api - DEBUG - serialized sample: [{'District Type': 'Mixed', 'Acres': 98119.68868421068, 'hex_color': '#1f77b4b4'}, {'District Type': 'Nonresidential', 'Acres': 75362.31783499681, 'hex_color': '#d62728b4'}]
2026-01-09 14:25:01,769 - api.routes.get_routes.get_filters - INFO - cols are ['County', 'Jurisdiction', 'District Name']
2026-01-09 14:37:14,269 - api - DEBUG - serialized type: <class 'list'>
2026-01-09 14:37:14,269 - api - DEBUG - serialized sample: [{'District Type': 'Mixed', 'Acres': 180888.5482404762, 'hex_color': '#1f77b4b4'}, {'District Type': 'Nonresidential', 'Acres': 129183.69742775086, 'hex_color': '#d62728b4'}]
2026-01-09 14:37:14,323 - api - DEBUG - serialized type: <class 'list'>
2026-01-09 14:37:14,323 - api - DEBUG - serialized sample: [{'District Type': 'Mixed', 'Acres': 98119.68868421068, 'hex_color': '#1f77b4b4'}, {'District Type': 'Nonresidential', 'Acres': 75362.31783499681, 'hex_color': '#d62728b4'}]
2026-01-09 14:37:14,401 - api - DEBUG - serialized type: <class 'list'>
2026-01-09 14:37:14,401 - api - DEBUG - serialized sample: [{'District Type': 'Mixed', 'Acres': 98119.68868421068, 'hex_color': '#1f77b4b4'}, {'District Type': 'Nonresidential', 'Acres': 75362.31783499681, 'hex_color': '#d62728b4'}]
2026-01-09 14:37:15,864 - api - DEBUG - serialized type: <class 'list'>
2026-01-09 14:37:15,864 - api - DEBUG - serialized sample: [{'District Type': 'Mixed', 'Acres': 180888.5482404762, 'hex_color': '#1f77b4b4'}, {'District Type': 'Nonresidential', 'Acres': 129183.69742775086, 'hex_color': '#d62728b4'}]
2026-02-18 12:07:00,028 - api - DEBUG - serialized type: <class 'list'>
2026-02-18 12:07:00,030 - api - DEBUG - serialized sample: [{'District Type': 'Mixed', 'Acres': 180888.5482404762, 'hex_color': '#1f77b4b4'}, {'District Type': 'Nonresidential', 'Acres': 129183.69742775086, 'hex_color': '#d62728b4'}]
2026-02-18 12:07:00,085 - api - DEBUG - serialized type: <class 'list'>
2026-02-18 12:07:00,085 - api - DEBUG - serialized sample: [{'District Type': 'Mixed', 'Acres': 98119.68868421068, 'hex_color': '#1f77b4b4'}, {'District Type': 'Nonresidential', 'Acres': 75362.31783499681, 'hex_color': '#d62728b4'}]
2026-02-18 12:07:02,163 - api - DEBUG - serialized type: <class 'list'>
2026-02-18 12:07:02,163 - api - DEBUG - serialized sample: [{'District Type': 'Mixed', 'Acres': 180888.5482404762, 'hex_color': '#1f77b4b4'}, {'District Type': 'Nonresidential', 'Acres': 129183.69742775086, 'hex_color': '#d62728b4'}]
2026-02-18 12:07:02,221 - api - DEBUG - serialized type: <class 'list'>
2026-02-18 12:07:02,221 - api - DEBUG - serialized sample: [{'District Type': 'Mixed', 'Acres': 98119.68868421068, 'hex_color': '#1f77b4b4'}, {'District Type': 'Nonresidential', 'Acres': 75362.31783499681, 'hex_color': '#d62728b4'}]
2026-02-18 12:07:53,605 - api - DEBUG - serialized type: <class 'list'>
2026-02-18 12:07:53,605 - api - DEBUG - serialized sample: [{'District Type': 'Mixed', 'Acres': 2351240.2547729784, 'hex_color': '#1f77b4b4'}, {'District Type': 'Nonresidential', 'Acres': 541112.3825829916, 'hex_color': '#d62728b4'}]
2026-02-18 12:07:54,052 - api - DEBUG - serialized type: <class 'list'>
2026-02-18 12:07:54,052 - api - DEBUG - serialized sample: [{'District Type': 'Mixed', 'Acres': 98119.68868421068, 'hex_color': '#1f77b4b4'}, {'District Type': 'Nonresidential', 'Acres': 75362.31783499681, 'hex_color': '#d62728b4'}]
2026-02-18 12:07:54,313 - api - DEBUG - serialized type: <class 'list'>
2026-02-18 12:07:54,313 - api - DEBUG - serialized sample: [{'District Type': 'Mixed', 'Acres': 180888.5482404762, 'hex_color': '#1f77b4b4'}, {'District Type': 'Nonresidential', 'Acres': 129183.69742775086, 'hex_color': '#d62728b4'}]
2026-02-18 12:07:54,364 - api - DEBUG - serialized type: <class 'list'>
2026-02-18 12:07:54,365 - api - DEBUG - serialized sample: [{'District Type': 'Mixed', 'Acres': 98119.68868421068, 'hex_color': '#1f77b4b4'}, {'District Type': 'Nonresidential', 'Acres': 75362.31783499681, 'hex_color': '#d62728b4'}]
2026-02-18 12:08:35,972 - api.routes.get_routes.get_filters - INFO - cols are ['County', 'Jurisdiction', 'District Name']
2026-02-18 12:08:36,209 - api.routes.get_routes.get_filters - INFO - cols are ['County', 'Jurisdiction', 'District Name']
2026-02-18 12:50:25,490 - api.routes.get_routes.get_db - DEBUG - PARQUET_PATH = /home/fitsl/dev/react-vt-data/backend/api/routes/get_routes/../../../Data/Census/vt_acs5_combined_TIDY.parquet
2026-02-18 12:50:48,278 - api.routes.get_routes.get_db - DEBUG - ACS_5 PARQUET_PATH = /home/fitsl/dev/react-vt-data/backend/api/routes/get_routes/../../../Data/Census/vt_acs5_combined_TIDY.parquet
2026-02-18 12:50:54,721 - api.routes.get_routes.get_db - DEBUG - ACS_5 PARQUET_PATH = /home/fitsl/dev/react-vt-data/backend/api/routes/get_routes/../../../Data/Census/vt_acs5_combined_TIDY.parquet
2026-02-18 12:54:04,254 - api - DEBUG - serialized type: <class 'list'>
2026-02-18 12:54:04,254 - api - DEBUG - serialized sample: [{'District Type': 'Mixed', 'Acres': 180888.5482404762, 'hex_color': '#1f77b4b4'}, {'District Type': 'Nonresidential', 'Acres': 129183.69742775086, 'hex_color': '#d62728b4'}]
2026-02-18 12:54:04,309 - api - DEBUG - serialized type: <class 'list'>
2026-02-18 12:54:04,309 - api - DEBUG - serialized sample: [{'District Type': 'Mixed', 'Acres': 98119.68868421068, 'hex_color': '#1f77b4b4'}, {'District Type': 'Nonresidential', 'Acres': 75362.31783499681, 'hex_color': '#d62728b4'}]
2026-02-18 12:54:05,800 - api - DEBUG - serialized type: <class 'list'>
2026-02-18 12:54:05,800 - api - DEBUG - serialized sample: [{'District Type': 'Mixed', 'Acres': 180888.5482404762, 'hex_color': '#1f77b4b4'}, {'District Type': 'Nonresidential', 'Acres': 129183.69742775086, 'hex_color': '#d62728b4'}]
2026-02-18 12:54:05,859 - api - DEBUG - serialized type: <class 'list'>
2026-02-18 12:54:05,859 - api - DEBUG - serialized sample: [{'District Type': 'Mixed', 'Acres': 98119.68868421068, 'hex_color': '#1f77b4b4'}, {'District Type': 'Nonresidential', 'Acres': 75362.31783499681, 'hex_color': '#d62728b4'}]
2026-02-18 12:58:12,909 - api.routes.get_routes.get_db - DEBUG - ACS_5 PARQUET_PATH = /home/fitsl/dev/react-vt-data/backend/api/routes/get_routes/../../../Data/Census/vt_acs5_combined_TIDY.parquet
2026-02-18 12:59:03,346 - api.routes.get_routes.get_db - DEBUG - ACS_5 PARQUET_PATH = /home/fitsl/dev/react-vt-data/backend/api/routes/get_routes/../../../Data/Census/vt_acs5_combined_TIDY.parquet
2026-02-18 12:59:44,218 - api.routes.get_routes.get_db - DEBUG - ACS_5 PARQUET_PATH = /home/fitsl/dev/react-vt-data/backend/api/routes/get_routes/../../../Data/Census/vt_acs5_combined_TIDY.parquet
2026-02-18 13:28:28,719 - api.routes.get_routes.get_db - DEBUG - ACS_5 PARQUET_PATH = /home/fitsl/dev/react-vt-data/backend/api/routes/get_routes/../../../Data/Census/vt_acs5_combined_TIDY.parquet
2026-02-18 13:28:44,351 - api.routes.get_routes.get_db - DEBUG - ACS_5 PARQUET_PATH = /home/fitsl/dev/react-vt-data/backend/api/routes/get_routes/../../../Data/Census/vt_acs5_combined_TIDY.parquet
2026-02-18 13:34:24,651 - api.routes.get_routes.get_db - DEBUG - ACS_5 PARQUET_PATH = /home/fitsl/dev/react-vt-data/backend/api/routes/get_routes/../../../Data/Census/vt_acs5_combined_TIDY.parquet
2026-02-18 13:34:34,758 - api.routes.get_routes.get_db - DEBUG - ACS_5 PARQUET_PATH = /home/fitsl/dev/react-vt-data/backend/api/routes/get_routes/../../../Data/Census/vt_acs5_combined_TIDY.parquet
2026-02-18 13:34:44,991 - api.routes.get_routes.get_db - DEBUG - ACS_5 PARQUET_PATH = /home/fitsl/dev/react-vt-data/backend/api/routes/get_routes/../../../Data/Census/vt_acs5_combined_TIDY.parquet
2026-02-18 13:35:36,671 - api.routes.get_routes.get_db - DEBUG - ACS_5 TIDY_PARQUET_PATH = /home/fitsl/dev/react-vt-data/backend/api/routes/get_routes/../../../Data/Census/vt_acs5_combined_TIDY.parquet
2026-02-18 13:35:36,671 - api.routes.get_routes.get_db - DEBUG - ACS_5 TIDY_PARQUET_PATH = /home/fitsl/dev/react-vt-data/backend/api/routes/get_routes/../../../Data/Census/vt_acs5_combined_.parquet
2026-02-18 13:35:49,608 - api.routes.get_routes.get_db - DEBUG - ACS_5 TIDY_PARQUET_PATH = /home/fitsl/dev/react-vt-data/backend/api/routes/get_routes/../../../Data/Census/vt_acs5_combined_TIDY.parquet
2026-02-18 13:35:49,608 - api.routes.get_routes.get_db - DEBUG - ACS_5 TIDY_PARQUET_PATH = /home/fitsl/dev/react-vt-data/backend/api/routes/get_routes/../../../Data/Census/vt_acs5_combined.parquet
2026-02-18 13:51:47,143 - api.routes.get_routes.get_db - DEBUG - ACS_5 TIDY_PARQUET_PATH = /home/fitsl/dev/react-vt-data/backend/api/routes/get_routes/../../../Data/Census/vt_acs5_combined_TIDY.parquet
2026-02-18 13:51:47,144 - api.routes.get_routes.get_db - DEBUG - ACS_5 TIDY_PARQUET_PATH = /home/fitsl/dev/react-vt-data/backend/api/routes/get_routes/../../../Data/Census/vt_acs5_combined.parquet
2026-02-18 13:52:09,654 - api.routes.get_routes.get_db - DEBUG - ACS_5 TIDY_PARQUET_PATH = /home/fitsl/dev/react-vt-data/backend/api/routes/get_routes/../../../Data/Census/vt_acs5_combined_TIDY.parquet
2026-02-18 13:52:09,654 - api.routes.get_routes.get_db - DEBUG - ACS_5 TIDY_PARQUET_PATH = /home/fitsl/dev/react-vt-data/backend/api/routes/get_routes/../../../Data/Census/vt_acs5_combined.parquet
2026-02-18 13:52:16,352 - api.routes.get_routes.get_db - DEBUG - ACS_5 TIDY_PARQUET_PATH = /home/fitsl/dev/react-vt-data/backend/api/routes/get_routes/../../../Data/Census/vt_acs5_combined_TIDY.parquet
2026-02-18 13:52:16,352 - api.routes.get_routes.get_db - DEBUG - ACS_5 TIDY_PARQUET_PATH = /home/fitsl/dev/react-vt-data/backend/api/routes/get_routes/../../../Data/Census/vt_acs5_combined.parquet
2026-02-18 13:52:53,552 - api.routes.get_routes.get_db - DEBUG - ACS_5 TIDY_PARQUET_PATH = /home/fitsl/dev/react-vt-data/backend/api/routes/get_routes/../../../Data/Census/vt_acs5_combined_TIDY.parquet
2026-02-18 13:52:53,552 - api.routes.get_routes.get_db - DEBUG - ACS_5 TIDY_PARQUET_PATH = /home/fitsl/dev/react-vt-data/backend/api/routes/get_routes/../../../Data/Census/vt_acs5_combined.parquet
2026-02-18 13:52:56,646 - api.routes.get_routes.get_db - DEBUG - ACS_5 TIDY_PARQUET_PATH = /home/fitsl/dev/react-vt-data/backend/api/routes/get_routes/../../../Data/Census/vt_acs5_combined_TIDY.parquet
2026-02-18 13:52:56,646 - api.routes.get_routes.get_db - DEBUG - ACS_5 TIDY_PARQUET_PATH = /home/fitsl/dev/react-vt-data/backend/api/routes/get_routes/../../../Data/Census/vt_acs5_combined.parquet
2026-02-18 13:53:28,960 - api.routes.get_routes.get_db - DEBUG - ACS_5 TIDY_PARQUET_PATH = /home/fitsl/dev/react-vt-data/backend/api/routes/get_routes/../../../Data/Census/vt_acs5_combined_TIDY.parquet
2026-02-18 13:53:28,961 - api.routes.get_routes.get_db - DEBUG - ACS_5 TIDY_PARQUET_PATH = /home/fitsl/dev/react-vt-data/backend/api/routes/get_routes/../../../Data/Census/vt_acs5_combined.parquet
2026-02-18 13:54:00,661 - api.routes.get_routes.get_db - DEBUG - ACS_5 TIDY_PARQUET_PATH = /home/fitsl/dev/react-vt-data/backend/api/routes/get_routes/../../../Data/Census/vt_acs5_combined_TIDY.parquet
2026-02-18 13:54:00,661 - api.routes.get_routes.get_db - DEBUG - ACS_5 TIDY_PARQUET_PATH = /home/fitsl/dev/react-vt-data/backend/api/routes/get_routes/../../../Data/Census/vt_acs5_combined.parquet
2026-02-18 13:55:58,064 - api.routes.get_routes.get_db - DEBUG - ACS_5 TIDY_PARQUET_PATH = /home/fitsl/dev/react-vt-data/backend/api/routes/get_routes/../../../Data/Census/vt_acs5_combined_TIDY.parquet
2026-02-18 13:55:58,064 - api.routes.get_routes.get_db - DEBUG - ACS_5 TIDY_PARQUET_PATH = /home/fitsl/dev/react-vt-data/backend/api/routes/get_routes/../../../Data/Census/vt_acs5_combined.parquet
2026-02-18 13:57:17,366 - api.routes.get_routes.get_db - DEBUG - ACS_5 TIDY_PARQUET_PATH = /home/fitsl/dev/react-vt-data/backend/api/routes/get_routes/../../../Data/Census/vt_acs5_combined_TIDY.parquet
2026-02-18 13:57:17,367 - api.routes.get_routes.get_db - DEBUG - ACS_5 TIDY_PARQUET_PATH = /home/fitsl/dev/react-vt-data/backend/api/routes/get_routes/../../../Data/Census/vt_acs5_combined.parquet
2026-02-18 14:15:25,946 - api.routes.get_routes.get_db - DEBUG - ACS_5 TIDY_PARQUET_PATH = /home/fitsl/dev/react-vt-data/backend/api/routes/get_routes/../../../Data/Census/vt_acs5_combined_TIDY.parquet
2026-02-18 14:15:25,946 - api.routes.get_routes.get_db - DEBUG - ACS_5 TIDY_PARQUET_PATH = /home/fitsl/dev/react-vt-data/backend/api/routes/get_routes/../../../Data/Census/ACS_5/vt_acs5_combined.parquet
2026-02-18 14:16:39,783 - api.routes.get_routes.get_db - DEBUG - ACS_5 TIDY_PARQUET_PATH = /home/fitsl/dev/react-vt-data/backend/api/routes/get_routes/../../../Data/Census/ACS_5/vt_acs5_combined_TIDY.parquet
2026-02-18 14:16:39,783 - api.routes.get_routes.get_db - DEBUG - ACS_5 TIDY_PARQUET_PATH = /home/fitsl/dev/react-vt-data/backend/api/routes/get_routes/../../../Data/Census/ACS_5/vt_acs5_combined.parquet
2026-02-18 14:17:35,060 - api.routes.get_routes.get_db - DEBUG - ACS_5 TIDY_PARQUET_PATH = /home/fitsl/dev/react-vt-data/backend/api/routes/get_routes/../../../Data/Census/ACS_5/vt_acs5_combined_TIDY.parquet
2026-02-18 14:17:35,061 - api.routes.get_routes.get_db - DEBUG - ACS_5 TIDY_PARQUET_PATH = /home/fitsl/dev/react-vt-data/backend/api/routes/get_routes/../../../Data/Census/ACS_5/vt_acs5_combined.parquet
2026-02-18 14:31:46,611 - api.routes.get_routes.get_db - DEBUG - ACS_5 TIDY_PARQUET_PATH = /home/fitsl/dev/react-vt-data/backend/api/routes/get_routes/../../../Data/Census/ACS_5/vt_acs5_combined_TIDY.parquet
2026-02-18 14:31:46,612 - api.routes.get_routes.get_db - DEBUG - ACS_5 TIDY_PARQUET_PATH = /home/fitsl/dev/react-vt-data/backend/api/routes/get_routes/../../../Data/Census/ACS_5/vt_acs5_combined.parquet
2026-02-18 14:32:32,601 - api.routes.get_routes.get_db - DEBUG - ACS_5 TIDY_PARQUET_PATH = /home/fitsl/dev/react-vt-data/backend/api/routes/get_routes/../../../Data/Census/ACS_5/vt_acs5_combined_TIDY.parquet
2026-02-18 14:32:32,601 - api.routes.get_routes.get_db - DEBUG - ACS_5 TIDY_PARQUET_PATH = /home/fitsl/dev/react-vt-data/backend/api/routes/get_routes/../../../Data/Census/ACS_5/vt_acs5_combined.parquet
2026-02-18 14:32:43,693 - api.routes.get_routes.get_db - DEBUG - ACS_5 TIDY_PARQUET_PATH = /home/fitsl/dev/react-vt-data/backend/api/routes/get_routes/../../../Data/Census/ACS_5/vt_acs5_combined_TIDY.parquet
2026-02-18 14:32:43,693 - api.routes.get_routes.get_db - DEBUG - ACS_5 TIDY_PARQUET_PATH = /home/fitsl/dev/react-vt-data/backend/api/routes/get_routes/../../../Data/Census/ACS_5/vt_acs5_combined.parquet
2026-02-18 14:32:47,816 - api.routes.get_routes.get_db - DEBUG - ACS_5 TIDY_PARQUET_PATH = /home/fitsl/dev/react-vt-data/backend/api/routes/get_routes/../../../Data/Census/ACS_5/vt_acs5_combined_TIDY.parquet
2026-02-18 14:32:47,816 - api.routes.get_routes.get_db - DEBUG - ACS_5 TIDY_PARQUET_PATH = /home/fitsl/dev/react-vt-data/backend/api/routes/get_routes/../../../Data/Census/ACS_5/vt_acs5_combined.parquet
2026-02-18 14:32:53,603 - api.routes.get_routes.get_db - DEBUG - ACS_5 TIDY_PARQUET_PATH = /home/fitsl/dev/react-vt-data/backend/api/routes/get_routes/../../../Data/Census/ACS_5/vt_acs5_combined_TIDY.parquet
2026-02-18 14:32:53,603 - api.routes.get_routes.get_db - DEBUG - ACS_5 TIDY_PARQUET_PATH = /home/fitsl/dev/react-vt-data/backend/api/routes/get_routes/../../../Data/Census/ACS_5/vt_acs5_combined.parquet
2026-02-18 14:33:40,808 - api.routes.get_routes.get_db - DEBUG - ACS_5 TIDY_PARQUET_PATH = /home/fitsl/dev/react-vt-data/backend/api/routes/get_routes/../../../Data/Census/ACS_5/vt_acs5_combined_TIDY.parquet
2026-02-18 14:33:40,808 - api.routes.get_routes.get_db - DEBUG - ACS_5 TIDY_PARQUET_PATH = /home/fitsl/dev/react-vt-data/backend/api/routes/get_routes/../../../Data/Census/ACS_5/vt_acs5_combined.parquet
2026-02-18 14:35:02,753 - api.routes.get_routes.get_db - DEBUG - ACS_5 TIDY_PARQUET_PATH = /home/fitsl/dev/react-vt-data/backend/api/routes/get_routes/../../../Data/Census/ACS_5/vt_acs5_combined_TIDY.parquet
2026-02-18 14:35:02,753 - api.routes.get_routes.get_db - DEBUG - ACS_5 TIDY_PARQUET_PATH = /home/fitsl/dev/react-vt-data/backend/api/routes/get_routes/../../../Data/Census/ACS_5/vt_acs5_combined.parquet
2026-02-18 14:39:05,759 - api.routes.get_routes.get_db - DEBUG - ACS_5 TIDY_PARQUET_PATH = /home/fitsl/dev/react-vt-data/backend/api/routes/get_routes/../../../Data/Census/ACS_5/vt_acs5_combined_TIDY.parquet
2026-02-18 14:39:05,759 - api.routes.get_routes.get_db - DEBUG - ACS_5 TIDY_PARQUET_PATH = /home/fitsl/dev/react-vt-data/backend/api/routes/get_routes/../../../Data/Census/ACS_5/vt_acs5_combined.parquet
2026-02-18 15:02:41,984 - api.routes.get_routes.get_filters - INFO - cols are ['County', 'Jurisdiction', 'District Name']
2026-02-18 15:02:42,191 - api.routes.get_routes.get_filters - INFO - cols are ['County', 'Jurisdiction', 'District Name']
2026-02-18 15:10:10,823 - api.routes.get_routes.get_db - DEBUG - ACS_5 TIDY_PARQUET_PATH = /home/fitsl/dev/react-vt-data/backend/api/routes/get_routes/../../../Data/Census/ACS_5/vt_acs5_combined_TIDY.parquet
2026-02-18 15:10:10,824 - api.routes.get_routes.get_db - DEBUG - ACS_5 TIDY_PARQUET_PATH = /home/fitsl/dev/react-vt-data/backend/api/routes/get_routes/../../../Data/Census/ACS_5/vt_acs5_combined.parquet
2026-02-18 15:10:32,425 - api.routes.get_routes.get_db - DEBUG - ACS_5 TIDY_PARQUET_PATH = /home/fitsl/dev/react-vt-data/backend/api/routes/get_routes/../../../Data/Census/ACS_5/vt_acs5_combined_TIDY.parquet
2026-02-18 15:10:32,425 - api.routes.get_routes.get_db - DEBUG - ACS_5 TIDY_PARQUET_PATH = /home/fitsl/dev/react-vt-data/backend/api/routes/get_routes/../../../Data/Census/ACS_5/vt_acs5_combined.parquet
2026-02-18 15:11:17,696 - api.routes.get_routes.get_db - DEBUG - ACS_5 TIDY_PARQUET_PATH = /home/fitsl/dev/react-vt-data/backend/api/routes/get_routes/../../../Data/Census/ACS_5/vt_acs5_combined_TIDY.parquet
2026-02-18 15:11:17,697 - api.routes.get_routes.get_db - DEBUG - ACS_5 TIDY_PARQUET_PATH = /home/fitsl/dev/react-vt-data/backend/api/routes/get_routes/../../../Data/Census/ACS_5/vt_acs5_combined.parquet
2026-02-18 15:12:05,682 - api.routes.get_routes.get_db - DEBUG - ACS_5 TIDY_PARQUET_PATH = /home/fitsl/dev/react-vt-data/backend/api/routes/get_routes/../../../Data/Census/ACS_5/vt_acs5_combined_TIDY.parquet
2026-02-18 15:12:05,682 - api.routes.get_routes.get_db - DEBUG - ACS_5 TIDY_PARQUET_PATH = /home/fitsl/dev/react-vt-data/backend/api/routes/get_routes/../../../Data/Census/ACS_5/vt_acs5_combined.parquet
2026-02-18 15:12:15,576 - api.routes.get_routes.get_db - DEBUG - ACS_5 TIDY_PARQUET_PATH = /home/fitsl/dev/react-vt-data/backend/api/routes/get_routes/../../../Data/Census/ACS_5/vt_acs5_combined_TIDY.parquet
2026-02-18 15:12:15,576 - api.routes.get_routes.get_db - DEBUG - ACS_5 TIDY_PARQUET_PATH = /home/fitsl/dev/react-vt-data/backend/api/routes/get_routes/../../../Data/Census/ACS_5/vt_acs5_combined.parquet
2026-02-18 15:12:30,759 - api.routes.get_routes.get_db - DEBUG - ACS_5 TIDY_PARQUET_PATH = /home/fitsl/dev/react-vt-data/backend/api/routes/get_routes/../../../Data/Census/ACS_5/vt_acs5_combined_TIDY.parquet
2026-02-18 15:12:30,759 - api.routes.get_routes.get_db - DEBUG - ACS_5 TIDY_PARQUET_PATH = /home/fitsl/dev/react-vt-data/backend/api/routes/get_routes/../../../Data/Census/ACS_5/vt_acs5_combined.parquet
2026-02-18 15:13:02,048 - api.routes.get_routes.get_db - DEBUG - ACS_5 TIDY_PARQUET_PATH = /home/fitsl/dev/react-vt-data/backend/api/routes/get_routes/../../../Data/Census/ACS_5/vt_acs5_combined_TIDY.parquet
2026-02-18 15:13:02,048 - api.routes.get_routes.get_db - DEBUG - ACS_5 TIDY_PARQUET_PATH = /home/fitsl/dev/react-vt-data/backend/api/routes/get_routes/../../../Data/Census/ACS_5/vt_acs5_combined.parquet
2026-02-18 15:15:15,432 - api.routes.get_routes.get_db - DEBUG - ACS_5 TIDY_PARQUET_PATH = /home/fitsl/dev/react-vt-data/backend/api/routes/get_routes/../../../Data/Census/ACS_5/vt_acs5_combined_TIDY.parquet
2026-02-18 15:15:15,432 - api.routes.get_routes.get_db - DEBUG - ACS_5 TIDY_PARQUET_PATH = /home/fitsl/dev/react-vt-data/backend/api/routes/get_routes/../../../Data/Census/ACS_5/vt_acs5_combined.parquet
2026-02-18 15:15:19,711 - api.routes.get_routes.get_db - DEBUG - ACS_5 TIDY_PARQUET_PATH = /home/fitsl/dev/react-vt-data/backend/api/routes/get_routes/../../../Data/Census/ACS_5/vt_acs5_combined_TIDY.parquet
2026-02-18 15:15:19,711 - api.routes.get_routes.get_db - DEBUG - ACS_5 TIDY_PARQUET_PATH = /home/fitsl/dev/react-vt-data/backend/api/routes/get_routes/../../../Data/Census/ACS_5/vt_acs5_combined.parquet
2026-02-18 15:19:17,490 - api.routes.get_routes.get_db - DEBUG - ACS_5 TIDY_PARQUET_PATH = /home/fitsl/dev/react-vt-data/backend/api/routes/get_routes/../../../Data/Census/ACS_5/vt_acs5_combined_TIDY.parquet
2026-02-18 15:19:17,490 - api.routes.get_routes.get_db - DEBUG - ACS_5 TIDY_PARQUET_PATH = /home/fitsl/dev/react-vt-data/backend/api/routes/get_routes/../../../Data/Census/ACS_5/vt_acs5_combined.parquet
2026-02-18 15:30:24,622 - api.routes.post_routes.post_acs5_db - DEBUG - ACS_5 TIDY_PARQUET_PATH = /home/fitsl/dev/react-vt-data/backend/api/routes/post_routes/../../../Data/Census/ACS_5/vt_acs5_combined_TIDY.parquet
2026-02-18 15:30:54,506 - api.routes.post_routes.post_acs5_db - DEBUG - ACS_5 TIDY_PARQUET_PATH = /home/fitsl/dev/react-vt-data/backend/api/routes/post_routes/../../../Data/Census/ACS_5/vt_acs5_combined_TIDY.parquet
2026-02-18 15:31:30,095 - api.routes.post_routes.post_acs5_db - DEBUG - ACS_5 TIDY_PARQUET_PATH = /home/fitsl/dev/react-vt-data/backend/api/routes/post_routes/../../../Data/Census/ACS_5/vt_acs5_combined_TIDY.parquet
2026-02-18 15:32:06,297 - api.routes.post_routes.post_acs5_db - DEBUG - ACS_5 TIDY_PARQUET_PATH = /home/fitsl/dev/react-vt-data/backend/api/routes/post_routes/../../../Data/Census/ACS_5/vt_acs5_combined_TIDY.parquet
2026-02-18 15:40:58,031 - api.routes.post_routes.post_acs5_db - DEBUG - ACS_5 TIDY_PARQUET_PATH = /home/fitsl/dev/react-vt-data/backend/api/routes/post_routes/../../../Data/Census/ACS_5/vt_acs5_combined_TIDY.parquet
2026-02-18 15:41:38,037 - api.routes.post_routes.post_acs5_db - DEBUG - ACS_5 TIDY_PARQUET_PATH = /home/fitsl/dev/react-vt-data/backend/api/routes/post_routes/../../../Data/Census/ACS_5/vt_acs5_combined_TIDY.parquet
2026-02-18 16:08:19,581 - api.routes.post_routes.post_acs5_db - DEBUG - ACS_5 TIDY_PARQUET_PATH = /home/fitsl/dev/react-vt-data/backend/api/routes/post_routes/../../../Data/Census/ACS_5/vt_acs5_combined_TIDY.parquet
2026-02-18 16:08:22,027 - api.routes.post_routes.post_acs5_db - DEBUG - ACS_5 TIDY_PARQUET_PATH = /home/fitsl/dev/react-vt-data/backend/api/routes/post_routes/../../../Data/Census/ACS_5/vt_acs5_combined_TIDY.parquet
2026-02-18 16:18:34,640 - api.routes.post_routes.post_acs5_db - DEBUG - ACS_5 profile_census_path = ../Data/Census/vt_acs5_combined_TIDY.parquet
2026-02-18 16:18:34,641 - api.routes.post_routes.post_acs5_db - DEBUG - ACS_5 b10_census_path = ../Data/Census/vt_acs5_b01001_TIDY.parquet
2026-02-18 16:19:02,893 - api.routes.post_routes.post_acs5_db - DEBUG - ACS_5 profile_census_path = /home/fitsl/dev/react-vt-data/backend/api/routes/post_routes/../Data/Census/vt_acs5_combined_TIDY.parquet
2026-02-18 16:19:02,893 - api.routes.post_routes.post_acs5_db - DEBUG - ACS_5 b10_census_path = ../Data/Census/vt_acs5_b01001_TIDY.parquet
2026-02-18 16:19:12,107 - api.routes.post_routes.post_acs5_db - DEBUG - ACS_5 profile_census_path = /home/fitsl/dev/react-vt-data/backend/api/routes/post_routes/../Data/Census/vt_acs5_combined_TIDY.parquet
2026-02-18 16:19:12,107 - api.routes.post_routes.post_acs5_db - DEBUG - ACS_5 b10_census_path = /home/fitsl/dev/react-vt-data/backend/api/routes/post_routes/../Data/Census/vt_acs5_b01001_TIDY.parquet
2026-02-18 16:20:35,203 - api.routes.post_routes.post_acs5_db - DEBUG - ACS_5 profile_census_path = /home/fitsl/dev/react-vt-data/backend/api/routes/post_routes/../Data/Census/vt_acs5_combined_TIDY.parquet
2026-02-18 16:20:35,203 - api.routes.post_routes.post_acs5_db - DEBUG - ACS_5 b10_census_path = /home/fitsl/dev/react-vt-data/backend/api/routes/post_routes/../Data/Census/vt_acs5_b01001_TIDY.parquet
2026-02-18 16:21:29,475 - api.routes.post_routes.post_acs5_db - DEBUG - ACS_5 profile_census_path = /home/fitsl/dev/react-vt-data/backend/api/routes/post_routes/../Data/Census/vt_acs5_combined_TIDY.parquet
2026-02-18 16:21:29,475 - api.routes.post_routes.post_acs5_db - DEBUG - ACS_5 b10_census_path = /home/fitsl/dev/react-vt-data/backend/api/routes/post_routes/../Data/Census/vt_acs5_b01001_TIDY.parquet
2026-02-18 16:21:56,194 - api.routes.post_routes.post_acs5_db - DEBUG - ACS_5 profile_census_path = /home/fitsl/dev/react-vt-data/backend/api/routes/post_routes/../Data/Census/vt_acs5_combined_TIDY.parquet
2026-02-18 16:21:56,194 - api.routes.post_routes.post_acs5_db - DEBUG - ACS_5 b10_census_path = /home/fitsl/dev/react-vt-data/backend/api/routes/post_routes/../Data/Census/vt_acs5_b01001_TIDY.parquet
2026-02-18 16:22:43,385 - api.routes.post_routes.post_acs5_db - DEBUG - ACS_5 profile_census_path = /home/fitsl/dev/react-vt-data/backend/api/routes/post_routes/../Data/Census/vt_acs5_combined_TIDY.parquet
2026-02-18 16:22:43,385 - api.routes.post_routes.post_acs5_db - DEBUG - ACS_5 b10_census_path = /home/fitsl/dev/react-vt-data/backend/api/routes/post_routes/../Data/Census/vt_acs5_b01001_TIDY.parquet
2026-02-18 16:23:00,631 - api.routes.post_routes.post_acs5_db - DEBUG - ACS_5 profile_census_path = /home/fitsl/dev/react-vt-data/backend/api/routes/post_routes/../Data/Census/vt_acs5_combined_TIDY.parquet
2026-02-18 16:23:00,631 - api.routes.post_routes.post_acs5_db - DEBUG - ACS_5 b10_census_path = /home/fitsl/dev/react-vt-data/backend/api/routes/post_routes/../Data/Census/vt_acs5_b01001_TIDY.parquet
2026-02-18 16:23:06,694 - api.routes.post_routes.post_acs5_db - DEBUG - ACS_5 profile_census_path = /home/fitsl/dev/react-vt-data/backend/api/routes/post_routes/../Data/Census/vt_acs5_combined_TIDY.parquet
2026-02-18 16:23:06,694 - api.routes.post_routes.post_acs5_db - DEBUG - ACS_5 b10_census_path = /home/fitsl/dev/react-vt-data/backend/api/routes/post_routes/../Data/Census/vt_acs5_b01001_TIDY.parquet
2026-02-18 16:30:08,338 - api.routes.post_routes.post_acs5_db - DEBUG - ACS_5 profile_census_path = /home/fitsl/dev/react-vt-data/backend/api/routes/post_routes/../Data/Census/vt_acs5_combined_TIDY.parquet
2026-02-18 16:30:08,338 - api.routes.post_routes.post_acs5_db - DEBUG - ACS_5 b10_census_path = /home/fitsl/dev/react-vt-data/backend/api/routes/post_routes/../Data/Census/vt_acs5_b01001_TIDY.parquet
2026-02-18 16:33:14,562 - api.routes.post_routes.post_acs5_db - DEBUG - ACS_5 profile_census_path = /home/fitsl/dev/react-vt-data/backend/api/routes/post_routes/../Data/Census/vt_acs5_combined_TIDY.parquet
2026-02-18 16:33:14,562 - api.routes.post_routes.post_acs5_db - DEBUG - ACS_5 b10_census_path = /home/fitsl/dev/react-vt-data/backend/api/routes/post_routes/../Data/Census/ACS_5/vt_acs5_b01001_tidy.parquet
2026-02-18 16:33:41,030 - api.routes.post_routes.post_acs5_db - DEBUG - ACS_5 profile_census_path = /home/fitsl/dev/react-vt-data/backend/api/routes/post_routes/../Data/Census/vt_acs5_combined_TIDY.parquet
2026-02-18 16:33:41,030 - api.routes.post_routes.post_acs5_db - DEBUG - ACS_5 b10_census_path = /home/fitsl/dev/react-vt-data/backend/api/routes/post_routes/../Data/Census/ACS_5/vt_acs5_b01001_tidy.parquet
2026-02-18 16:34:10,977 - api.routes.post_routes.post_acs5_db - DEBUG - ACS_5 profile_census_path = /home/fitsl/dev/react-vt-data/backend/api/routes/post_routes/../../../Data/Census/vt_acs5_combined_TIDY.parquet
2026-02-18 16:34:10,977 - api.routes.post_routes.post_acs5_db - DEBUG - ACS_5 b10_census_path = /home/fitsl/dev/react-vt-data/backend/api/routes/post_routes/../../../Data/Census/ACS_5/vt_acs5_b01001_tidy.parquet
2026-02-18 16:34:44,768 - api.routes.post_routes.post_acs5_db - DEBUG - ACS_5 profile_census_path = /home/fitsl/dev/react-vt-data/backend/api/routes/post_routes/../../../Data/Census/vt_acs5_combined_TIDY.parquet
2026-02-18 16:34:44,768 - api.routes.post_routes.post_acs5_db - DEBUG - ACS_5 b10_census_path = /home/fitsl/dev/react-vt-data/backend/api/routes/post_routes/../../../Data/Census/ACS_5/vt_acs5_b01001_tidy.parquet
2026-02-18 16:35:30,595 - api.routes.post_routes.post_acs5_db - DEBUG - ACS_5 profile_census_path = /home/fitsl/dev/react-vt-data/backend/api/routes/post_routes/../../../Data/Census/vt_acs5_combined_TIDY.parquet
2026-02-18 16:35:30,595 - api.routes.post_routes.post_acs5_db - DEBUG - ACS_5 b10_census_path = /home/fitsl/dev/react-vt-data/backend/api/routes/post_routes/../../../Data/Census/ACS_5/vt_acs5_b01001_tidy.parquet
2026-02-18 16:35:54,254 - api.routes.post_routes.post_acs5_db - DEBUG - ACS_5 profile_census_path = /home/fitsl/dev/react-vt-data/backend/api/routes/post_routes/../../../Data/Census/vt_acs5_combined_TIDY.parquet
2026-02-18 16:35:54,254 - api.routes.post_routes.post_acs5_db - DEBUG - ACS_5 b10_census_path = /home/fitsl/dev/react-vt-data/backend/api/routes/post_routes/../../../Data/Census/ACS_5/vt_acs5_b01001_tidy.parquet
2026-02-18 16:36:05,147 - api.routes.post_routes.post_acs5_db - DEBUG - ACS_5 profile_census_path = /home/fitsl/dev/react-vt-data/backend/api/routes/post_routes/../../../Data/Census/vt_acs5_combined_TIDY.parquet
2026-02-18 16:36:05,147 - api.routes.post_routes.post_acs5_db - DEBUG - ACS_5 b10_census_path = /home/fitsl/dev/react-vt-data/backend/api/routes/post_routes/../../../Data/Census/ACS_5/vt_acs5_b01001_tidy.parquet
2026-02-18 16:36:19,811 - api.routes.post_routes.post_acs5_db - DEBUG - ACS_5 profile_census_path = /home/fitsl/dev/react-vt-data/backend/api/routes/post_routes/../../../Data/Census/vt_acs5_combined_TIDY.parquet
2026-02-18 16:36:19,811 - api.routes.post_routes.post_acs5_db - DEBUG - ACS_5 b10_census_path = /home/fitsl/dev/react-vt-data/backend/api/routes/post_routes/../../../Data/Census/ACS_5/vt_acs5_b01001_tidy.parquet
2026-02-18 16:36:24,358 - api.routes.post_routes.post_acs5_db - DEBUG - ACS_5 profile_census_path = /home/fitsl/dev/react-vt-data/backend/api/routes/post_routes/../../../Data/Census/vt_acs5_combined_TIDY.parquet
2026-02-18 16:36:24,358 - api.routes.post_routes.post_acs5_db - DEBUG - ACS_5 b10_census_path = /home/fitsl/dev/react-vt-data/backend/api/routes/post_routes/../../../Data/Census/ACS_5/vt_acs5_b01001_tidy.parquet
2026-02-18 16:37:52,726 - api.routes.post_routes.post_acs5_db - DEBUG - ACS_5 profile_census_path = /home/fitsl/dev/react-vt-data/backend/api/routes/post_routes/../../../Data/Census/vt_acs5_combined_TIDY.parquet
2026-02-18 16:37:52,727 - api.routes.post_routes.post_acs5_db - DEBUG - ACS_5 b10_census_path = /home/fitsl/dev/react-vt-data/backend/api/routes/post_routes/../../../Data/Census/ACS_5/vt_acs5_b01001_tidy.parquet
2026-02-18 16:38:01,132 - api.routes.post_routes.post_acs5_db - DEBUG - ACS_5 profile_census_path = /home/fitsl/dev/react-vt-data/backend/api/routes/post_routes/../../../Data/Census/vt_acs5_combined_TIDY.parquet
2026-02-18 16:38:01,132 - api.routes.post_routes.post_acs5_db - DEBUG - ACS_5 b10_census_path = /home/fitsl/dev/react-vt-data/backend/api/routes/post_routes/../../../Data/Census/ACS_5/vt_acs5_b01001_tidy.parquet
2026-02-18 16:38:06,399 - api.routes.post_routes.post_acs5_db - DEBUG - ACS_5 profile_census_path = /home/fitsl/dev/react-vt-data/backend/api/routes/post_routes/../../../Data/Census/vt_acs5_combined_TIDY.parquet
2026-02-18 16:38:06,399 - api.routes.post_routes.post_acs5_db - DEBUG - ACS_5 b10_census_path = /home/fitsl/dev/react-vt-data/backend/api/routes/post_routes/../../../Data/Census/ACS_5/vt_acs5_b01001_tidy.parquet
2026-02-18 16:38:30,232 - api.routes.post_routes.post_acs5_db - DEBUG - ACS_5 profile_census_path = /home/fitsl/dev/react-vt-data/backend/api/routes/post_routes/../../../Data/Census/vt_acs5_combined_TIDY.parquet
2026-02-18 16:38:30,232 - api.routes.post_routes.post_acs5_db - DEBUG - ACS_5 b10_census_path = /home/fitsl/dev/react-vt-data/backend/api/routes/post_routes/../../../Data/Census/ACS_5/vt_acs5_b01001_tidy.parquet
2026-02-18 16:38:49,219 - api.routes.post_routes.post_acs5_db - DEBUG - ACS_5 profile_census_path = /home/fitsl/dev/react-vt-data/backend/api/routes/post_routes/../../../Data/Census/vt_acs5_combined_TIDY.parquet
2026-02-18 16:38:49,220 - api.routes.post_routes.post_acs5_db - DEBUG - ACS_5 b10_census_path = /home/fitsl/dev/react-vt-data/backend/api/routes/post_routes/../../../Data/Census/ACS_5/vt_acs5_b01001_tidy.parquet
2026-02-18 16:42:32,274 - api.routes.post_routes.post_acs5_db - DEBUG - ACS_5 profile_census_path = /home/fitsl/dev/react-vt-data/backend/api/routes/post_routes/../../../Data/Census/vt_acs5_combined_TIDY.parquet
2026-02-18 16:42:32,274 - api.routes.post_routes.post_acs5_db - DEBUG - ACS_5 b10_census_path = /home/fitsl/dev/react-vt-data/backend/api/routes/post_routes/../../../Data/Census/ACS_5/vt_acs5_b01001_tidy.parquet
2026-02-18 16:43:23,324 - api.routes.post_routes.post_acs5_db - DEBUG - ACS_5 profile_census_path = /home/fitsl/dev/react-vt-data/backend/api/routes/post_routes/../../../Data/Census/vt_acs5_combined_TIDY.parquet
2026-02-18 16:43:23,324 - api.routes.post_routes.post_acs5_db - DEBUG - ACS_5 b10_census_path = /home/fitsl/dev/react-vt-data/backend/api/routes/post_routes/../../../Data/Census/ACS_5/vt_acs5_b01001_tidy.parquet
2026-02-18 16:43:40,379 - api.routes.post_routes.post_acs5_db - DEBUG - ACS_5 profile_census_path = /home/fitsl/dev/react-vt-data/backend/api/routes/post_routes/../../../Data/Census/vt_acs5_combined_TIDY.parquet
2026-02-18 16:43:40,379 - api.routes.post_routes.post_acs5_db - DEBUG - ACS_5 b10_census_path = /home/fitsl/dev/react-vt-data/backend/api/routes/post_routes/../../../Data/Census/ACS_5/vt_acs5_b01001_tidy.parquet
2026-02-18 16:45:39,332 - api.routes.post_routes.post_acs5_db - DEBUG - ACS_5 profile_census_path = /home/fitsl/dev/react-vt-data/backend/api/routes/post_routes/../../../Data/Census/vt_acs5_combined_TIDY.parquet
2026-02-18 16:45:39,332 - api.routes.post_routes.post_acs5_db - DEBUG - ACS_5 b10_census_path = /home/fitsl/dev/react-vt-data/backend/api/routes/post_routes/../../../Data/Census/ACS_5/vt_acs5_b01001_tidy.parquet
2026-02-18 16:46:26,515 - api.routes.post_routes.post_acs5_db - DEBUG - ACS_5 profile_census_path = /home/fitsl/dev/react-vt-data/backend/api/routes/post_routes/../../../Data/Census/vt_acs5_combined_TIDY.parquet
2026-02-18 16:46:26,515 - api.routes.post_routes.post_acs5_db - DEBUG - ACS_5 b10_census_path = /home/fitsl/dev/react-vt-data/backend/api/routes/post_routes/../../../Data/Census/ACS_5/vt_acs5_b01001_tidy.parquet
2026-02-18 16:46:36,002 - api.routes.post_routes.post_acs5_db - DEBUG - ACS_5 profile_census_path = /home/fitsl/dev/react-vt-data/backend/api/routes/post_routes/../../../Data/Census/vt_acs5_combined_TIDY.parquet
2026-02-18 16:46:36,002 - api.routes.post_routes.post_acs5_db - DEBUG - ACS_5 b10_census_path = /home/fitsl/dev/react-vt-data/backend/api/routes/post_routes/../../../Data/Census/ACS_5/vt_acs5_b01001_tidy.parquet
2026-02-18 16:48:25,316 - api.routes.post_routes.post_acs5_db - DEBUG - ACS_5 profile_census_path = /home/fitsl/dev/react-vt-data/backend/api/routes/post_routes/../../../Data/Census/vt_acs5_combined_TIDY.parquet
2026-02-18 16:48:25,316 - api.routes.post_routes.post_acs5_db - DEBUG - ACS_5 b10_census_path = /home/fitsl/dev/react-vt-data/backend/api/routes/post_routes/../../../Data/Census/ACS_5/vt_acs5_b01001_tidy.parquet
2026-02-18 16:48:31,833 - api.routes.post_routes.post_acs5_db - DEBUG - ACS_5 profile_census_path = /home/fitsl/dev/react-vt-data/backend/api/routes/post_routes/../../../Data/Census/vt_acs5_combined_TIDY.parquet
2026-02-18 16:48:31,833 - api.routes.post_routes.post_acs5_db - DEBUG - ACS_5 b10_census_path = /home/fitsl/dev/react-vt-data/backend/api/routes/post_routes/../../../Data/Census/ACS_5/vt_acs5_b01001_tidy.parquet
2026-02-18 17:02:13,868 - api.routes.post_routes.post_acs5_db - DEBUG - ACS_5 profile_census_path = /home/fitsl/dev/react-vt-data/backend/api/routes/post_routes/../../../Data/Census/vt_acs5_combined_TIDY.parquet
2026-02-18 17:02:13,869 - api.routes.post_routes.post_acs5_db - DEBUG - ACS_5 b10_census_path = /home/fitsl/dev/react-vt-data/backend/api/routes/post_routes/../../../Data/Census/ACS_5/vt_acs5_b01001_tidy.parquet
2026-02-18 17:03:07,939 - api.routes.post_routes.post_acs5_db - DEBUG - ACS_5 profile_census_path = /home/fitsl/dev/react-vt-data/backend/api/routes/post_routes/../../../Data/Census/vt_acs5_combined_TIDY.parquet
2026-02-18 17:03:07,939 - api.routes.post_routes.post_acs5_db - DEBUG - ACS_5 b10_census_path = /home/fitsl/dev/react-vt-data/backend/api/routes/post_routes/../../../Data/Census/ACS_5/vt_acs5_b01001_tidy.parquet
2026-02-18 17:03:22,065 - api.routes.post_routes.post_acs5_db - DEBUG - ACS_5 profile_census_path = /home/fitsl/dev/react-vt-data/backend/api/routes/post_routes/../../../Data/Census/vt_acs5_combined_TIDY.parquet
2026-02-18 17:03:22,065 - api.routes.post_routes.post_acs5_db - DEBUG - ACS_5 b10_census_path = /home/fitsl/dev/react-vt-data/backend/api/routes/post_routes/../../../Data/Census/ACS_5/vt_acs5_b01001_tidy.parquet
2026-02-18 17:05:58,071 - api.routes.post_routes.post_acs5_db - DEBUG - ACS_5 profile_census_path = /home/fitsl/dev/react-vt-data/backend/api/routes/post_routes/../../../Data/Census/vt_acs5_combined_TIDY.parquet
2026-02-18 17:05:58,072 - api.routes.post_routes.post_acs5_db - DEBUG - ACS_5 b10_census_path = /home/fitsl/dev/react-vt-data/backend/api/routes/post_routes/../../../Data/Census/ACS_5/vt_acs5_b01001_tidy.parquet
2026-02-18 17:08:16,069 - api.routes.post_routes.post_acs5_db - DEBUG - ACS_5 profile_census_path = /home/fitsl/dev/react-vt-data/backend/api/routes/post_routes/../../../Data/Census/vt_acs5_combined_TIDY.parquet
2026-02-18 17:08:16,069 - api.routes.post_routes.post_acs5_db - DEBUG - ACS_5 b10_census_path = /home/fitsl/dev/react-vt-data/backend/api/routes/post_routes/../../../Data/Census/ACS_5/vt_acs5_b01001_tidy.parquet
2026-02-18 17:09:01,769 - api.routes.post_routes.post_acs5_db - DEBUG - ACS_5 profile_census_path = /home/fitsl/dev/react-vt-data/backend/api/routes/post_routes/../../../Data/Census/vt_acs5_combined_TIDY.parquet
2026-02-18 17:09:01,769 - api.routes.post_routes.post_acs5_db - DEBUG - ACS_5 b10_census_path = /home/fitsl/dev/react-vt-data/backend/api/routes/post_routes/../../../Data/Census/ACS_5/vt_acs5_b01001_tidy.parquet
2026-02-18 17:10:17,770 - api.routes.post_routes.post_acs5_db - DEBUG - ACS_5 profile_census_path = /home/fitsl/dev/react-vt-data/backend/api/routes/post_routes/../../../Data/Census/vt_acs5_combined_TIDY.parquet
2026-02-18 17:10:17,770 - api.routes.post_routes.post_acs5_db - DEBUG - ACS_5 b10_census_path = /home/fitsl/dev/react-vt-data/backend/api/routes/post_routes/../../../Data/Census/ACS_5/vt_acs5_b01001_tidy.parquet
2026-02-18 17:10:48,584 - api.routes.post_routes.post_acs5_db - DEBUG - ACS_5 profile_census_path = /home/fitsl/dev/react-vt-data/backend/api/routes/post_routes/../../../Data/Census/vt_acs5_combined_TIDY.parquet
2026-02-18 17:10:48,584 - api.routes.post_routes.post_acs5_db - DEBUG - ACS_5 b10_census_path = /home/fitsl/dev/react-vt-data/backend/api/routes/post_routes/../../../Data/Census/ACS_5/vt_acs5_b_demographics_tidy.parquet
2026-02-18 17:10:54,520 - api.routes.post_routes.post_acs5_db - DEBUG - ACS_5 profile_census_path = /home/fitsl/dev/react-vt-data/backend/api/routes/post_routes/../../../Data/Census/vt_acs5_combined_TIDY.parquet
2026-02-18 17:10:54,520 - api.routes.post_routes.post_acs5_db - DEBUG - ACS_5 b10_census_path = /home/fitsl/dev/react-vt-data/backend/api/routes/post_routes/../../../Data/Census/ACS_5/vt_acs5_b_demographics_tidy.parquet
2026-02-18 17:33:54,396 - api.routes.post_routes.post_acs5_db - DEBUG - ACS_5 profile_census_path = /home/fitsl/dev/react-vt-data/backend/api/routes/post_routes/../../../Data/Census/vt_acs5_combined_TIDY.parquet
2026-02-18 17:33:54,396 - api.routes.post_routes.post_acs5_db - DEBUG - ACS_5 b10_census_path = /home/fitsl/dev/react-vt-data/backend/api/routes/post_routes/../../../Data/Census/ACS_5/vt_acs5_b_demographics_tidy.parquet
2026-02-18 17:34:19,200 - api.routes.post_routes.post_acs5_db - DEBUG - ACS_5 profile_census_path = /home/fitsl/dev/react-vt-data/backend/api/routes/post_routes/../../../Data/Census/vt_acs5_combined_TIDY.parquet
2026-02-18 17:34:19,201 - api.routes.post_routes.post_acs5_db - DEBUG - ACS_5 b10_census_path = /home/fitsl/dev/react-vt-data/backend/api/routes/post_routes/../../../Data/Census/ACS_5/vt_acs5_b_demographics_tidy.parquet
2026-02-18 17:35:06,982 - api.routes.post_routes.post_acs5_db - DEBUG - ACS_5 profile_census_path = /home/fitsl/dev/react-vt-data/backend/api/routes/post_routes/../../../Data/Census/vt_acs5_combined_TIDY.parquet
2026-02-18 17:35:06,982 - api.routes.post_routes.post_acs5_db - DEBUG - ACS_5 b10_census_path = /home/fitsl/dev/react-vt-data/backend/api/routes/post_routes/../../../Data/Census/ACS_5/vt_acs5_b_demographics_tidy.parquet
2026-02-18 17:51:31,598 - api - DEBUG - serialized type: <class 'list'>
2026-02-18 17:51:31,600 - api - DEBUG - serialized sample: [{'District Type': 'Mixed', 'Acres': 17112.799352057158, 'hex_color': '#1f77b4b4'}, {'District Type': 'Nonresidential', 'Acres': 10023.009433308927, 'hex_color': '#d62728b4'}]
2026-02-18 17:51:31,624 - api - DEBUG - serialized type: <class 'list'>
2026-02-18 17:51:31,624 - api - DEBUG - serialized sample: [{'District Type': 'Mixed', 'Acres': 98119.68868421068, 'hex_color': '#1f77b4b4'}, {'District Type': 'Nonresidential', 'Acres': 75362.31783499681, 'hex_color': '#d62728b4'}]
2026-02-18 17:51:34,403 - api - DEBUG - serialized type: <class 'list'>
2026-02-18 17:51:34,403 - api - DEBUG - serialized sample: [{'District Type': 'Mixed', 'Acres': 17112.799352057158, 'hex_color': '#1f77b4b4'}, {'District Type': 'Nonresidential', 'Acres': 10023.009433308927, 'hex_color': '#d62728b4'}]
2026-02-18 17:51:34,431 - api - DEBUG - serialized type: <class 'list'>
2026-02-18 17:51:34,431 - api - DEBUG - serialized sample: [{'District Type': 'Mixed', 'Acres': 98119.68868421068, 'hex_color': '#1f77b4b4'}, {'District Type': 'Nonresidential', 'Acres': 75362.31783499681, 'hex_color': '#d62728b4'}]
2026-02-18 17:51:47,739 - api - DEBUG - serialized type: <class 'list'>
2026-02-18 17:51:47,740 - api - DEBUG - serialized sample: [{'District Type': 'Mixed', 'Acres': 98119.68868421068, 'hex_color': '#1f77b4b4'}, {'District Type': 'Nonresidential', 'Acres': 75362.31783499681, 'hex_color': '#d62728b4'}]
2026-02-18 17:51:47,818 - api - DEBUG - serialized type: <class 'list'>
2026-02-18 17:51:47,818 - api - DEBUG - serialized sample: [{'District Type': 'Mixed', 'Acres': 98119.68868421068, 'hex_color': '#1f77b4b4'}, {'District Type': 'Nonresidential', 'Acres': 75362.31783499681, 'hex_color': '#d62728b4'}]
2026-02-18 17:51:54,725 - api - DEBUG - serialized type: <class 'list'>
2026-02-18 17:51:54,725 - api - DEBUG - serialized sample: [{'District Type': 'Mixed', 'Acres': 240217.77724031542, 'hex_color': '#1f77b4b4'}, {'District Type': 'Nonresidential', 'Acres': 28092.247646612093, 'hex_color': '#d62728b4'}]
2026-02-18 17:51:54,770 - api - DEBUG - serialized type: <class 'list'>
2026-02-18 17:51:54,771 - api - DEBUG - serialized sample: [{'District Type': 'Mixed', 'Acres': 98119.68868421068, 'hex_color': '#1f77b4b4'}, {'District Type': 'Nonresidential', 'Acres': 75362.31783499681, 'hex_color': '#d62728b4'}]
2026-02-18 17:53:25,576 - api - DEBUG - serialized type: <class 'list'>
2026-02-18 17:53:25,576 - api - DEBUG - serialized sample: [{'District Type': 'Mixed', 'Acres': 2351240.2547729784, 'hex_color': '#1f77b4b4'}, {'District Type': 'Nonresidential', 'Acres': 541112.3825829916, 'hex_color': '#d62728b4'}]
2026-02-18 17:53:26,064 - api - DEBUG - serialized type: <class 'list'>
2026-02-18 17:53:26,064 - api - DEBUG - serialized sample: [{'District Type': 'Mixed', 'Acres': 98119.68868421068, 'hex_color': '#1f77b4b4'}, {'District Type': 'Nonresidential', 'Acres': 75362.31783499681, 'hex_color': '#d62728b4'}]
2026-02-18 17:53:26,339 - api - DEBUG - serialized type: <class 'list'>
2026-02-18 17:53:26,339 - api - DEBUG - serialized sample: [{'District Type': 'Mixed', 'Acres': 240217.77724031542, 'hex_color': '#1f77b4b4'}, {'District Type': 'Nonresidential', 'Acres': 28092.247646612093, 'hex_color': '#d62728b4'}]
2026-02-18 17:53:26,396 - api - DEBUG - serialized type: <class 'list'>
2026-02-18 17:53:26,396 - api - DEBUG - serialized sample: [{'District Type': 'Mixed', 'Acres': 98119.68868421068, 'hex_color': '#1f77b4b4'}, {'District Type': 'Nonresidential', 'Acres': 75362.31783499681, 'hex_color': '#d62728b4'}]
2026-02-18 17:57:15,476 - api - DEBUG - serialized type: <class 'list'>
2026-02-18 17:57:15,476 - api - DEBUG - serialized sample: [{'District Type': 'Mixed', 'Acres': 180888.5482404762, 'hex_color': '#1f77b4b4'}, {'District Type': 'Nonresidential', 'Acres': 129183.69742775086, 'hex_color': '#d62728b4'}]
2026-02-18 17:57:15,541 - api - DEBUG - serialized type: <class 'list'>
2026-02-18 17:57:15,541 - api - DEBUG - serialized sample: [{'District Type': 'Mixed', 'Acres': 98119.68868421068, 'hex_color': '#1f77b4b4'}, {'District Type': 'Nonresidential', 'Acres': 75362.31783499681, 'hex_color': '#d62728b4'}]
2026-02-18 17:57:15,870 - api - DEBUG - serialized type: <class 'list'>
2026-02-18 17:57:15,870 - api - DEBUG - serialized sample: [{'District Type': 'Mixed', 'Acres': 180888.5482404762, 'hex_color': '#1f77b4b4'}, {'District Type': 'Nonresidential', 'Acres': 129183.69742775086, 'hex_color': '#d62728b4'}]
2026-02-18 17:57:15,927 - api - DEBUG - serialized type: <class 'list'>
2026-02-18 17:57:15,927 - api - DEBUG - serialized sample: [{'District Type': 'Mixed', 'Acres': 98119.68868421068, 'hex_color': '#1f77b4b4'}, {'District Type': 'Nonresidential', 'Acres': 75362.31783499681, 'hex_color': '#d62728b4'}]
2026-02-18 17:57:33,947 - api - DEBUG - serialized type: <class 'list'>
2026-02-18 17:57:33,947 - api - DEBUG - serialized sample: [{'District Type': 'Mixed', 'Acres': 180888.5482404762, 'hex_color': '#1f77b4b4'}, {'District Type': 'Nonresidential', 'Acres': 129183.69742775086, 'hex_color': '#d62728b4'}]
2026-02-18 17:57:34,002 - api - DEBUG - serialized type: <class 'list'>
2026-02-18 17:57:34,002 - api - DEBUG - serialized sample: [{'District Type': 'Mixed', 'Acres': 98119.68868421068, 'hex_color': '#1f77b4b4'}, {'District Type': 'Nonresidential', 'Acres': 75362.31783499681, 'hex_color': '#d62728b4'}]
2026-02-18 17:57:34,286 - api - DEBUG - serialized type: <class 'list'>
2026-02-18 17:57:34,286 - api - DEBUG - serialized sample: [{'District Type': 'Mixed', 'Acres': 180888.5482404762, 'hex_color': '#1f77b4b4'}, {'District Type': 'Nonresidential', 'Acres': 129183.69742775086, 'hex_color': '#d62728b4'}]
2026-02-18 17:57:34,343 - api - DEBUG - serialized type: <class 'list'>
2026-02-18 17:57:34,343 - api - DEBUG - serialized sample: [{'District Type': 'Mixed', 'Acres': 98119.68868421068, 'hex_color': '#1f77b4b4'}, {'District Type': 'Nonresidential', 'Acres': 75362.31783499681, 'hex_color': '#d62728b4'}]
2026-02-18 17:59:04,173 - api.routes.post_routes.post_acs5_db - DEBUG - ACS_5 profile_census_path = /home/fitsl/dev/react-vt-data/backend/api/routes/post_routes/../../../Data/Census/vt_acs5_combined_TIDY.parquet
2026-02-18 17:59:04,174 - api.routes.post_routes.post_acs5_db - DEBUG - ACS_5 b10_census_path = /home/fitsl/dev/react-vt-data/backend/api/routes/post_routes/../../../Data/Census/ACS_5/vt_acs5_b_demographics_tidy.parquet
2026-02-18 18:03:58,163 - api.routes.post_routes.post_acs5_db - DEBUG - ACS_5 profile_census_path = /home/fitsl/dev/react-vt-data/backend/api/routes/post_routes/../../../Data/Census/vt_acs5_combined_TIDY.parquet
2026-02-18 18:03:58,163 - api.routes.post_routes.post_acs5_db - DEBUG - ACS_5 b10_census_path = /home/fitsl/dev/react-vt-data/backend/api/routes/post_routes/../../../Data/Census/ACS_5/vt_acs5_b_demographics_tidy.parquet
2026-02-18 18:04:12,004 - api - DEBUG - serialized type: <class 'list'>
2026-02-18 18:04:12,005 - api - DEBUG - serialized sample: [{'District Type': 'Mixed', 'Acres': 180888.5482404762, 'hex_color': '#1f77b4b4'}, {'District Type': 'Nonresidential', 'Acres': 129183.69742775086, 'hex_color': '#d62728b4'}]
2026-02-18 18:04:12,058 - api - DEBUG - serialized type: <class 'list'>
2026-02-18 18:04:12,058 - api - DEBUG - serialized sample: [{'District Type': 'Mixed', 'Acres': 98119.68868421068, 'hex_color': '#1f77b4b4'}, {'District Type': 'Nonresidential', 'Acres': 75362.31783499681, 'hex_color': '#d62728b4'}]
2026-02-18 18:04:14,387 - api - DEBUG - serialized type: <class 'list'>
2026-02-18 18:04:14,387 - api - DEBUG - serialized sample: [{'District Type': 'Mixed', 'Acres': 180888.5482404762, 'hex_color': '#1f77b4b4'}, {'District Type': 'Nonresidential', 'Acres': 129183.69742775086, 'hex_color': '#d62728b4'}]
2026-02-18 18:04:14,441 - api - DEBUG - serialized type: <class 'list'>
2026-02-18 18:04:14,441 - api - DEBUG - serialized sample: [{'District Type': 'Mixed', 'Acres': 98119.68868421068, 'hex_color': '#1f77b4b4'}, {'District Type': 'Nonresidential', 'Acres': 75362.31783499681, 'hex_color': '#d62728b4'}]
2026-02-18 18:04:22,634 - api - DEBUG - serialized type: <class 'list'>
2026-02-18 18:04:22,634 - api - DEBUG - serialized sample: [{'District Type': 'Mixed', 'Acres': 180888.5482404762, 'hex_color': '#1f77b4b4'}, {'District Type': 'Nonresidential', 'Acres': 129183.69742775086, 'hex_color': '#d62728b4'}]
2026-02-18 18:04:22,693 - api - DEBUG - serialized type: <class 'list'>
2026-02-18 18:04:22,693 - api - DEBUG - serialized sample: [{'District Type': 'Mixed', 'Acres': 98119.68868421068, 'hex_color': '#1f77b4b4'}, {'District Type': 'Nonresidential', 'Acres': 75362.31783499681, 'hex_color': '#d62728b4'}]
2026-02-18 18:04:22,976 - api - DEBUG - serialized type: <class 'list'>
2026-02-18 18:04:22,977 - api - DEBUG - serialized sample: [{'District Type': 'Mixed', 'Acres': 180888.5482404762, 'hex_color': '#1f77b4b4'}, {'District Type': 'Nonresidential', 'Acres': 129183.69742775086, 'hex_color': '#d62728b4'}]
2026-02-18 18:04:23,032 - api - DEBUG - serialized type: <class 'list'>
2026-02-18 18:04:23,032 - api - DEBUG - serialized sample: [{'District Type': 'Mixed', 'Acres': 98119.68868421068, 'hex_color': '#1f77b4b4'}, {'District Type': 'Nonresidential', 'Acres': 75362.31783499681, 'hex_color': '#d62728b4'}]
2026-02-18 18:12:38,817 - api - DEBUG - serialized type: <class 'list'>
2026-02-18 18:12:38,817 - api - DEBUG - serialized sample: [{'District Type': 'Mixed', 'Acres': 245565.25401113665, 'hex_color': '#1f77b4b4'}, {'District Type': 'Nonresidential', 'Acres': 34701.94946854303, 'hex_color': '#d62728b4'}]
2026-02-18 18:12:38,856 - api - DEBUG - serialized type: <class 'list'>
2026-02-18 18:12:38,856 - api - DEBUG - serialized sample: [{'District Type': 'Mixed', 'Acres': 98119.68868421068, 'hex_color': '#1f77b4b4'}, {'District Type': 'Nonresidential', 'Acres': 75362.31783499681, 'hex_color': '#d62728b4'}]
2026-02-18 18:12:39,141 - api - DEBUG - serialized type: <class 'list'>
2026-02-18 18:12:39,141 - api - DEBUG - serialized sample: [{'District Type': 'Mixed', 'Acres': 245565.25401113665, 'hex_color': '#1f77b4b4'}, {'District Type': 'Nonresidential', 'Acres': 34701.94946854303, 'hex_color': '#d62728b4'}]
2026-02-18 18:12:39,176 - api - DEBUG - serialized type: <class 'list'>
2026-02-18 18:12:39,176 - api - DEBUG - serialized sample: [{'District Type': 'Mixed', 'Acres': 98119.68868421068, 'hex_color': '#1f77b4b4'}, {'District Type': 'Nonresidential', 'Acres': 75362.31783499681, 'hex_color': '#d62728b4'}]
2026-02-18 18:13:04,130 - api - DEBUG - serialized type: <class 'list'>
2026-02-18 18:13:04,130 - api - DEBUG - serialized sample: [{'District Type': 'Mixed', 'Acres': 2351240.2547729784, 'hex_color': '#1f77b4b4'}, {'District Type': 'Nonresidential', 'Acres': 541112.3825829916, 'hex_color': '#d62728b4'}]
2026-02-18 18:13:04,582 - api - DEBUG - serialized type: <class 'list'>
2026-02-18 18:13:04,582 - api - DEBUG - serialized sample: [{'District Type': 'Mixed', 'Acres': 98119.68868421068, 'hex_color': '#1f77b4b4'}, {'District Type': 'Nonresidential', 'Acres': 75362.31783499681, 'hex_color': '#d62728b4'}]
2026-02-18 18:13:04,771 - api - DEBUG - serialized type: <class 'list'>
2026-02-18 18:13:04,772 - api - DEBUG - serialized sample: [{'District Type': 'Mixed', 'Acres': 245565.25401113665, 'hex_color': '#1f77b4b4'}, {'District Type': 'Nonresidential', 'Acres': 34701.94946854303, 'hex_color': '#d62728b4'}]
2026-02-18 18:13:04,858 - api - DEBUG - serialized type: <class 'list'>
2026-02-18 18:13:04,858 - api - DEBUG - serialized sample: [{'District Type': 'Mixed', 'Acres': 98119.68868421068, 'hex_color': '#1f77b4b4'}, {'District Type': 'Nonresidential', 'Acres': 75362.31783499681, 'hex_color': '#d62728b4'}]
2026-02-18 18:23:52,831 - api.routes.post_routes.post_acs5_db - DEBUG - ACS_5 profile_census_path = /home/fitsl/dev/react-vt-data/backend/api/routes/post_routes/../../../Data/Census/vt_acs5_combined_TIDY.parquet
2026-02-18 18:23:52,832 - api.routes.post_routes.post_acs5_db - DEBUG - ACS_5 b10_census_path = /home/fitsl/dev/react-vt-data/backend/api/routes/post_routes/../../../Data/Census/ACS_5/vt_acs5_b_demographics_tidy.parquet
2026-02-18 18:23:55,198 - api.routes.post_routes.post_acs5_db - DEBUG - ACS_5 profile_census_path = /home/fitsl/dev/react-vt-data/backend/api/routes/post_routes/../../../Data/Census/vt_acs5_combined_TIDY.parquet
2026-02-18 18:23:55,199 - api.routes.post_routes.post_acs5_db - DEBUG - ACS_5 b10_census_path = /home/fitsl/dev/react-vt-data/backend/api/routes/post_routes/../../../Data/Census/ACS_5/vt_acs5_b_demographics_tidy.parquet
2026-02-18 18:25:00,219 - api.routes.post_routes.post_acs5_db - DEBUG - ACS_5 profile_census_path = /home/fitsl/dev/react-vt-data/backend/api/routes/post_routes/../../../Data/Census/vt_acs5_combined_TIDY.parquet
2026-02-18 18:25:00,219 - api.routes.post_routes.post_acs5_db - DEBUG - ACS_5 b10_census_path = /home/fitsl/dev/react-vt-data/backend/api/routes/post_routes/../../../Data/Census/ACS_5/vt_acs5_b_demographics_tidy.parquet
2026-02-18 18:25:50,478 - api.routes.post_routes.post_acs5_db - DEBUG - ACS_5 profile_census_path = /home/fitsl/dev/react-vt-data/backend/api/routes/post_routes/../../../Data/Census/vt_acs5_combined_TIDY.parquet
2026-02-18 18:25:50,478 - api.routes.post_routes.post_acs5_db - DEBUG - ACS_5 b10_census_path = /home/fitsl/dev/react-vt-data/backend/api/routes/post_routes/../../../Data/Census/ACS_5/vt_acs5_b_demographics_tidy.parquet
2026-02-18 18:25:58,039 - api - DEBUG - serialized type: <class 'list'>
2026-02-18 18:25:58,039 - api - DEBUG - serialized sample: [{'year': 2010, 'Section': 'Age/Sex', 'Variable': '18 to 24', 'Value': 383.0, 'Percent': 6.0}, {'year': 2010, 'Section': 'Age/Sex', 'Variable': '25 to 34', 'Value': 523.0, 'Percent': 8.2}]
2026-02-18 18:25:58,051 - api - DEBUG - serialized type: <class 'list'>
2026-02-18 18:25:58,052 - api - DEBUG - serialized sample: [{'year': 2010, 'Section': 'Age/Sex', 'Variable': '18 to 24', 'Value': 383.0, 'Percent': 6.0}, {'year': 2010, 'Section': 'Age/Sex', 'Variable': '25 to 34', 'Value': 523.0, 'Percent': 8.2}]
2026-02-18 18:26:18,076 - api.routes.post_routes.post_acs5_db - DEBUG - ACS_5 profile_census_path = /home/fitsl/dev/react-vt-data/backend/api/routes/post_routes/../../../Data/Census/vt_acs5_combined_TIDY.parquet
2026-02-18 18:26:18,076 - api.routes.post_routes.post_acs5_db - DEBUG - ACS_5 b10_census_path = /home/fitsl/dev/react-vt-data/backend/api/routes/post_routes/../../../Data/Census/ACS_5/vt_acs5_b_demographics_tidy.parquet
